src/components/chatbot-widget.tsx(5,24): error TS2307: Cannot find module '@/components/ui/button' or its corresponding type declarations.
src/components/chatbot-widget.tsx(10,8): error TS2307: Cannot find module '@/components/ui/popover' or its corresponding type declarations.
src/components/chatbot-widget.tsx(11,28): error TS2307: Cannot find module '@/components/ui/scroll-area' or its corresponding type declarations.
src/components/chatbot-widget.tsx(12,23): error TS2307: Cannot find module '@/components/ui/input' or its corresponding type declarations.
